{"type":"server-started","port":50091,"host":"127.0.0.1","url_host":"localhost","url":"http://localhost:50091/?key=ad1c6ec9d306c01cce1263f4cd40b68d68f99e063fee8e4985f4c80ed2ac4001","screen_dir":"/home/bonxom/Code/TodoApp/.superpowers/brainstorm/69610-1786778045/content","state_dir":"/home/bonxom/Code/TodoApp/.superpowers/brainstorm/69610-1786778045/state","idle_timeout_ms":14400000}
{"type":"screen-added","file":"/home/bonxom/Code/TodoApp/.superpowers/brainstorm/69610-1786778045/content/visual-directions.html"}
{"source":"user-event","type":"click","text":"Today / 08\n    01 — Orbit ControlMột không gian xanh-indigo, thẻ công việc trôi trong quỹ đạo và giao diện nổi đa lớp. Tương lai, tự tin, mang chất product demo cao cấp.Đề xuất","choice":"orbit","id":null,"timestamp":1786778111121}
{"source":"user-event","type":"click","text":"Today / 08\n    01 — Orbit ControlMột không gian xanh-indigo, thẻ công việc trôi trong quỹ đạo và giao diện nổi đa lớp. Tương lai, tự tin, mang chất product demo cao cấp.Đề xuất","choice":"orbit","id":null,"timestamp":1786778111874}
{"source":"user-event","type":"click","text":"Today / 08\n    01 — Orbit ControlMột không gian xanh-indigo, thẻ công việc trôi trong quỹ đạo và giao diện nổi đa lớp. Tương lai, tự tin, mang chất product demo cao cấp.Đề xuất","choice":"orbit","id":null,"timestamp":1786778112626}
{"source":"user-event","type":"click","text":"Today / 08\n    01 — Orbit ControlMột không gian xanh-indigo, thẻ công việc trôi trong quỹ đạo và giao diện nổi đa lớp. Tương lai, tự tin, mang chất product demo cao cấp.Đề xuất","choice":"orbit","id":null,"timestamp":1786778114573}
{"source":"user-event","type":"click","text":"Today / 08\n    01 — Orbit ControlMột không gian xanh-indigo, thẻ công việc trôi trong quỹ đạo và giao diện nổi đa lớp. Tương lai, tự tin, mang chất product demo cao cấp.Đề xuất","choice":"orbit","id":null,"timestamp":1786778117534}
{"source":"user-event","type":"click","text":"Today / 08\n    01 — Orbit ControlMột không gian xanh-indigo, thẻ công việc trôi trong quỹ đạo và giao diện nổi đa lớp. Tương lai, tự tin, mang chất product demo cao cấp.Đề xuất","choice":"orbit","id":null,"timestamp":1786778117683}
{"source":"user-event","type":"click","text":"Today / 08\n    01 — Orbit ControlMột không gian xanh-indigo, thẻ công việc trôi trong quỹ đạo và giao diện nổi đa lớp. Tương lai, tự tin, mang chất product demo cao cấp.Đề xuất","choice":"orbit","id":null,"timestamp":1786778117866}
{"source":"user-event","type":"click","text":"Today / 08\n    01 — Orbit ControlMột không gian xanh-indigo, thẻ công việc trôi trong quỹ đạo và giao diện nổi đa lớp. Tương lai, tự tin, mang chất product demo cao cấp.Đề xuất","choice":"orbit","id":null,"timestamp":1786778118695}
{"source":"user-event","type":"click","text":"Today / 08\n    01 — Orbit ControlMột không gian xanh-indigo, thẻ công việc trôi trong quỹ đạo và giao diện nổi đa lớp. Tương lai, tự tin, mang chất product demo cao cấp.Đề xuất","choice":"orbit","id":null,"timestamp":1786778118875}
{"source":"user-event","type":"click","text":"Today / 08\n    01 — Orbit ControlMột không gian xanh-indigo, thẻ công việc trôi trong quỹ đạo và giao diện nổi đa lớp. Tương lai, tự tin, mang chất product demo cao cấp.Đề xuất","choice":"orbit","id":null,"timestamp":1786778121084}
{"source":"user-event","type":"click","text":"Today / 08\n    01 — Orbit ControlMột không gian xanh-indigo, thẻ công việc trôi trong quỹ đạo và giao diện nổi đa lớp. Tương lai, tự tin, mang chất product demo cao cấp.Đề xuất","choice":"orbit","id":null,"timestamp":1786778143915}
{"source":"user-event","type":"click","text":"Today / 08\n    01 — Orbit ControlMột không gian xanh-indigo, thẻ công việc trôi trong quỹ đạo và giao diện nổi đa lớp. Tương lai, tự tin, mang chất product demo cao cấp.Đề xuất","choice":"orbit","id":null,"timestamp":1786778146308}
{"source":"user-event","type":"click","text":"Today / 08\n    01 — Orbit ControlMột không gian xanh-indigo, thẻ công việc trôi trong quỹ đạo và giao diện nổi đa lớp. Tương lai, tự tin, mang chất product demo cao cấp.Đề xuất","choice":"orbit","id":null,"timestamp":1786778165071}
{"source":"user-event","type":"click","text":"Today / 08\n    01 — Orbit ControlMột không gian xanh-indigo, thẻ công việc trôi trong quỹ đạo và giao diện nổi đa lớp. Tương lai, tự tin, mang chất product demo cao cấp.Đề xuất","choice":"orbit","id":null,"timestamp":1786778165306}
{"source":"user-event","type":"click","text":"Priority / Now\n    02 — Prism StudioKhối thủy tinh, gradient hồng-cam và phản chiếu lấp lánh. Tuyên ngôn thiết kế táo bạo, giàu cảm xúc, rất phù hợp làm showcase.Biểu cảm","choice":"prism","id":null,"timestamp":1786778165897}
{"source":"user-event","type":"click","text":"Priority / Now\n    02 — Prism StudioKhối thủy tinh, gradient hồng-cam và phản chiếu lấp lánh. Tuyên ngôn thiết kế táo bạo, giàu cảm xúc, rất phù hợp làm showcase.Biểu cảm","choice":"prism","id":null,"timestamp":1786778166079}
{"source":"user-event","type":"click","text":"Focus / 68%\n    03 — Focus MonumentKhông gian tối tối giản, vòng dữ liệu phát sáng và bố cục xanh ngọc. Cảm giác “premium SaaS”, tinh tế, bền vững và dễ đọc.Tối giản","choice":"monument","id":null,"timestamp":1786778166680}
{"source":"user-event","type":"click","text":"Focus / 68%\n    03 — Focus MonumentKhông gian tối tối giản, vòng dữ liệu phát sáng và bố cục xanh ngọc. Cảm giác “premium SaaS”, tinh tế, bền vững và dễ đọc.Tối giản","choice":"monument","id":null,"timestamp":1786778167247}
{"source":"user-event","type":"click","text":"Focus / 68%\n    03 — Focus MonumentKhông gian tối tối giản, vòng dữ liệu phát sáng và bố cục xanh ngọc. Cảm giác “premium SaaS”, tinh tế, bền vững và dễ đọc.Tối giản","choice":"monument","id":null,"timestamp":1786778167842}
{"source":"user-event","type":"click","text":"Priority / Now\n    02 — Prism StudioKhối thủy tinh, gradient hồng-cam và phản chiếu lấp lánh. Tuyên ngôn thiết kế táo bạo, giàu cảm xúc, rất phù hợp làm showcase.Biểu cảm","choice":"prism","id":null,"timestamp":1786778168699}
{"source":"user-event","type":"click","text":"Today / 08\n    01 — Orbit ControlMột không gian xanh-indigo, thẻ công việc trôi trong quỹ đạo và giao diện nổi đa lớp. Tương lai, tự tin, mang chất product demo cao cấp.Đề xuất","choice":"orbit","id":null,"timestamp":1786778199525}
{"source":"user-event","type":"click","text":"Priority / Now\n    02 — Prism StudioKhối thủy tinh, gradient hồng-cam và phản chiếu lấp lánh. Tuyên ngôn thiết kế táo bạo, giàu cảm xúc, rất phù hợp làm showcase.Biểu cảm","choice":"prism","id":null,"timestamp":1786778200352}
{"source":"user-event","type":"click","text":"Priority / Now\n    02 — Prism StudioKhối thủy tinh, gradient hồng-cam và phản chiếu lấp lánh. Tuyên ngôn thiết kế táo bạo, giàu cảm xúc, rất phù hợp làm showcase.Biểu cảm","choice":"prism","id":null,"timestamp":1786778200517}
{"source":"user-event","type":"click","text":"Priority / Now\n    02 — Prism StudioKhối thủy tinh, gradient hồng-cam và phản chiếu lấp lánh. Tuyên ngôn thiết kế táo bạo, giàu cảm xúc, rất phù hợp làm showcase.Biểu cảm","choice":"prism","id":null,"timestamp":1786778200697}
{"source":"user-event","type":"click","text":"Focus / 68%\n    03 — Focus MonumentKhông gian tối tối giản, vòng dữ liệu phát sáng và bố cục xanh ngọc. Cảm giác “premium SaaS”, tinh tế, bền vững và dễ đọc.Tối giản","choice":"monument","id":null,"timestamp":1786778201325}
{"type":"screen-added","file":"/home/bonxom/Code/TodoApp/.superpowers/brainstorm/69610-1786778045/content/waiting-1.html"}
